---
source: apollo-router/tests/integration/redis.rs
expression: query_plan
---
{
  "kind": "Fetch",
  "serviceName": "products",
  "variableUsages": [],
  "operation": "{topProducts{name name2:name}}",
  "operationName": null,
  "operationKind": "query",
  "id": null,
  "inputRewrites": null,
  "outputRewrites": null,
  "authorization": {
    "is_authenticated": false,
    "scopes": [],
    "policies": []
  },
  "connectorNode": null,
  "protocolKind": "graphQL"
}
